 game

 Timestamp is 5c8d25de (Sat Mar 16 11:35:42 2019)

 Preferred load address is 00400000

 Start         Length     Name                   Class
 0001:00000000 00001800H .text                   CODE
 0002:00000000 00000090H .idata$5                DATA
 0002:00000090 00000050H .idata$2                DATA
 0002:000000e0 00000014H .idata$3                DATA
 0002:000000f4 00000090H .idata$4                DATA
 0002:00000184 00000228H .idata$6                DATA
 0002:000003ac 00000000H .edata                  DATA
 0003:00000000 00013364H .data                   DATA
 0003:00013364 00000014H .bss                    DATA

  Address         Publics by Value              Rva+Base     Lib:Object

 0001:00000000       _CheckIntersect@24         00401000 f   game.obj
 0001:000000d1       _a_pom_1@0                 004010d1 f   game.obj
 0001:0000013b       _a_pom_2@0                 0040113b f   game.obj
 0001:000001a5       _a_dol_1@4                 004011a5 f   game.obj
 0001:00000217       _a_dol_2@0                 00401217 f   game.obj
 0001:0000021d       _a_bul@4                   0040121d f   game.obj
 0001:0000024b       _xy_wave@4                 0040124b f   game.obj
 0001:0000027c       _x_bul@4                   0040127c f   game.obj
 0001:000002a0       _x_pom_1@0                 004012a0 f   game.obj
 0001:000002c1       _x_pom_2@0                 004012c1 f   game.obj
 0001:000002e2       _y_pom_1@0                 004012e2 f   game.obj
 0001:000002f4       _y_pom_3@0                 004012f4 f   game.obj
 0001:00000306       _y_pom_2@0                 00401306 f   game.obj
 0001:00000318       _y_pom_4@0                 00401318 f   game.obj
 0001:0000032a       _y_dol_1@4                 0040132a f   game.obj
 0001:00000345       _y_dol_2@4                 00401345 f   game.obj
 0001:00000362       _k_bul@0                   00401362 f   game.obj
 0001:0000041f       _k_pom@0                   0040141f f   game.obj
 0001:00000473       _k_dol@0                   00401473 f   game.obj
 0001:000004c9       _c_wave@4                  004014c9 f   game.obj
 0001:00000558       _c_wave2@4                 00401558 f   game.obj
 0001:000005be       _c_plat@0                  004015be f   game.obj
 0001:000006b1       _c_lad@0                   004016b1 f   game.obj
 0001:00000723       _c_dol@0                   00401723 f   game.obj
 0001:000007a3       _t_bul@4                   004017a3 f   game.obj
 0001:000007cf       _s_dol@0                   004017cf f   game.obj
 0001:0000084a       _s_bul@0                   0040184a f   game.obj
 0001:000008ba       _t_wave1@4                 004018ba f   game.obj
 0001:000008e7       _s_wave1@0                 004018e7 f   game.obj
 0001:00000953       _s_wave_@0                 00401953 f   game.obj
 0001:0000098b       _s_dol_@0                  0040198b f   game.obj
 0001:0000099e       _s_pom@0                   0040199e f   game.obj
 0001:00000a01       _DrawGame@0                00401a01 f   game.obj
 0001:00000ae0       _p_game@0                  00401ae0 f   game.obj
 0001:00000afd       _GameInit@0                00401afd f   game.obj
 0001:00000b43       _GamePlay@0                00401b43 f   game.obj
 0001:00000b90       _DrawPixel@12              00401b90 f   blit.obj
 0001:00000bd1       _BasicBlit@12              00401bd1 f   blit.obj
 0001:00000c78       _RotateBlit@16             00401c78 f   blit.obj
 0001:00000df0       _FixedSin@4                00401df0 f   trig.obj
 0001:00000e7b       _FixedCos@4                00401e7b f   trig.obj
 0001:00000ea0       _DrawLine@20               00401ea0 f   lines.obj
 0001:00000fb0       _DrawStarField@0           00401fb0 f   stars.obj
 0001:00001080       _start                     00402080 f   libgame.obj
 0001:000010b1       _WinMain@16                004020b1 f   libgame.obj
 0001:000011c8       _WndProc@16                004021c8 f   libgame.obj
 0001:000014a7       _TopXY@8                   004024a7 f   libgame.obj
 0001:000014bd       _GetMouseStatus@12         004024bd f   libgame.obj
 0001:000014e6       _BlackStarField@0          004024e6 f   libgame.obj
 0001:000014ff       _DrawStar@8                004024ff f   libgame.obj
 0001:00001552       _DrawDot@12                00402552 f   libgame.obj
 0001:00001591       _DrawWaves@0               00402591 f   libgame.obj
 0001:0000160f       _MyStrNLen@8               0040260f f   libgame.obj
 0001:00001629       _DrawChar@16               00402629 f   libgame.obj
 0001:000016c0       _DrawStr@16                004026c0 f   libgame.obj
 0001:000016e8       _PlaySoundA@12             004026e8 f   winmm:winmm.dll
 0001:000016f0       _nrandom@4                 004026f0 f   masm32:nrand.obj
 0001:00001736       _nseed@4                   00402736 f   masm32:nrand.obj
 0001:00001746       _BeginPaint@8              00402746 f   user32:user32.dll
 0001:0000174c       _CreateWindowExA@48        0040274c f   user32:user32.dll
 0001:00001752       _DefWindowProcA@16         00402752 f   user32:user32.dll
 0001:00001758       _DispatchMessageA@4        00402758 f   user32:user32.dll
 0001:0000175e       _EndPaint@8                0040275e f   user32:user32.dll
 0001:00001764       _GetClientRect@8           00402764 f   user32:user32.dll
 0001:0000176a       _GetDC@4                   0040276a f   user32:user32.dll
 0001:00001770       _GetMessageA@16            00402770 f   user32:user32.dll
 0001:00001776       _GetSystemMetrics@4        00402776 f   user32:user32.dll
 0001:0000177c       _InvalidateRgn@12          0040277c f   user32:user32.dll
 0001:00001782       _LoadCursorA@8             00402782 f   user32:user32.dll
 0001:00001788       _LoadIconA@8               00402788 f   user32:user32.dll
 0001:0000178e       _PostMessageA@16           0040278e f   user32:user32.dll
 0001:00001794       _PostQuitMessage@4         00402794 f   user32:user32.dll
 0001:0000179a       _RegisterClassExA@4        0040279a f   user32:user32.dll
 0001:000017a0       _ReleaseDC@8               004027a0 f   user32:user32.dll
 0001:000017a6       _SetTimer@16               004027a6 f   user32:user32.dll
 0001:000017ac       _ShowWindow@8              004027ac f   user32:user32.dll
 0001:000017b2       _TranslateMessage@4        004027b2 f   user32:user32.dll
 0001:000017b8       _UpdateWindow@4            004027b8 f   user32:user32.dll
 0001:000017be       _ExitProcess@4             004027be f   kernel32:kernel32.dll
 0001:000017c4       _GetCommandLineA@0         004027c4 f   kernel32:kernel32.dll
 0001:000017ca       _GetModuleHandleA@4        004027ca f   kernel32:kernel32.dll
 0001:000017d0       _RtlZeroMemory@8           004027d0 f   kernel32:kernel32.dll
 0001:000017d6       _BitBlt@36                 004027d6 f   gdi32:gdi32.dll
 0001:000017dc       _CreateBrushIndirect@4     004027dc f   gdi32:gdi32.dll
 0001:000017e2       _CreateCompatibleDC@4      004027e2 f   gdi32:gdi32.dll
 0001:000017e8       _CreateDIBSection@24       004027e8 f   gdi32:gdi32.dll
 0001:000017ee       _CreatePen@12              004027ee f   gdi32:gdi32.dll
 0001:000017f4       _GdiFlush@0                004027f4 f   gdi32:gdi32.dll
 0001:000017fa       _SelectObject@8            004027fa f   gdi32:gdi32.dll
 0002:00000000       __imp__SelectObject@8      00403000     gdi32:gdi32.dll
 0002:00000004       __imp__CreatePen@12        00403004     gdi32:gdi32.dll
 0002:00000008       __imp__CreateDIBSection@24 00403008     gdi32:gdi32.dll
 0002:0000000c       __imp__CreateCompatibleDC@4 0040300c     gdi32:gdi32.dll
 0002:00000010       __imp__CreateBrushIndirect@4 00403010     gdi32:gdi32.dll
 0002:00000014       __imp__BitBlt@36           00403014     gdi32:gdi32.dll
 0002:00000018       __imp__GdiFlush@0          00403018     gdi32:gdi32.dll
 0002:0000001c       \177gdi32_NULL_THUNK_DATA  0040301c     gdi32:gdi32.dll
 0002:00000020       __imp__GetModuleHandleA@4  00403020     kernel32:kernel32.dll
 0002:00000024       __imp__GetCommandLineA@0   00403024     kernel32:kernel32.dll
 0002:00000028       __imp__ExitProcess@4       00403028     kernel32:kernel32.dll
 0002:0000002c       __imp__RtlZeroMemory@8     0040302c     kernel32:kernel32.dll
 0002:00000030       \177kernel32_NULL_THUNK_DATA 00403030     kernel32:kernel32.dll
 0002:00000034       __imp__LoadIconA@8         00403034     user32:user32.dll
 0002:00000038       __imp__PostMessageA@16     00403038     user32:user32.dll
 0002:0000003c       __imp__PostQuitMessage@4   0040303c     user32:user32.dll
 0002:00000040       __imp__RegisterClassExA@4  00403040     user32:user32.dll
 0002:00000044       __imp__LoadCursorA@8       00403044     user32:user32.dll
 0002:00000048       __imp__SetTimer@16         00403048     user32:user32.dll
 0002:0000004c       __imp__ShowWindow@8        0040304c     user32:user32.dll
 0002:00000050       __imp__TranslateMessage@4  00403050     user32:user32.dll
 0002:00000054       __imp__UpdateWindow@4      00403054     user32:user32.dll
 0002:00000058       __imp__InvalidateRgn@12    00403058     user32:user32.dll
 0002:0000005c       __imp__GetSystemMetrics@4  0040305c     user32:user32.dll
 0002:00000060       __imp__GetMessageA@16      00403060     user32:user32.dll
 0002:00000064       __imp__GetClientRect@8     00403064     user32:user32.dll
 0002:00000068       __imp__GetDC@4             00403068     user32:user32.dll
 0002:0000006c       __imp__EndPaint@8          0040306c     user32:user32.dll
 0002:00000070       __imp__DispatchMessageA@4  00403070     user32:user32.dll
 0002:00000074       __imp__DefWindowProcA@16   00403074     user32:user32.dll
 0002:00000078       __imp__CreateWindowExA@48  00403078     user32:user32.dll
 0002:0000007c       __imp__BeginPaint@8        0040307c     user32:user32.dll
 0002:00000080       __imp__ReleaseDC@8         00403080     user32:user32.dll
 0002:00000084       \177user32_NULL_THUNK_DATA 00403084     user32:user32.dll
 0002:00000088       __imp__PlaySoundA@12       00403088     winmm:winmm.dll
 0002:0000008c       \177winmm_NULL_THUNK_DATA  0040308c     winmm:winmm.dll
 0002:00000090       __IMPORT_DESCRIPTOR_winmm  00403090     winmm:winmm.dll
 0002:000000a4       __IMPORT_DESCRIPTOR_user32 004030a4     user32:user32.dll
 0002:000000b8       __IMPORT_DESCRIPTOR_kernel32 004030b8     kernel32:kernel32.dll
 0002:000000cc       __IMPORT_DESCRIPTOR_gdi32  004030cc     gdi32:gdi32.dll
 0002:000000e0       __NULL_IMPORT_DESCRIPTOR   004030e0     winmm:winmm.dll
 0003:00012a05       _SINTAB                    00416a05     libgame.obj
 0003:00012b05       _StarBitmap                00416b05     libgame.obj
 0003:00012f99       _KeyUp                     00416f99     libgame.obj
 0003:00012f9d       _KeyDown                   00416f9d     libgame.obj
 0003:00012fa1       _KeyPress                  00416fa1     libgame.obj
 0003:00012fa5       _MouseStatus               00416fa5     libgame.obj
 0003:00013374       _ScreenBitsPtr             00417374     libgame.obj

 entry point at        0001:00001080

 Static symbols

 0001:00000eb6       A                          00401eb6 f   lines.obj
 0001:00000ec6       B                          00401ec6 f   lines.obj
 0001:00000eda       cc                         00401eda f   lines.obj
 0001:00000ee1       W                          00401ee1 f   lines.obj
 0001:00000ef2       D                          00401ef2 f   lines.obj
 0001:00000ef9       X                          00401ef9 f   lines.obj
 0001:00000f12       E                          00401f12 f   lines.obj
 0001:00000f26       R                          00401f26 f   lines.obj
 0001:00000f40       F                          00401f40 f   lines.obj
 0001:00000f80       G                          00401f80 f   lines.obj
 0001:00000f9a       H                          00401f9a f   lines.obj
 0001:00000f9c       I                          00401f9c f   lines.obj
 0001:00000e1e       Z                          00401e1e f   trig.obj
 0001:00000e25       N                          00401e25 f   trig.obj
 0001:00000e31       q4                         00401e31 f   trig.obj
 0001:00000e3f       q3                         00401e3f f   trig.obj
 0001:00000e51       q2                         00401e51 f   trig.obj
 0001:00000e61       q1                         00401e61 f   trig.obj
 0001:00000e74       q0                         00401e74 f   trig.obj
 0001:00000bcb       fin                        00401bcb f   blit.obj
 0001:00000c1a       fillRow                    00401c1a f   blit.obj
 0001:00000c48       increment                  00401c48 f   blit.obj
 0001:00000c53       nextRow                    00401c53 f   blit.obj
 0001:00000c70       fin                        00401c70 f   blit.obj
 0001:00000cee       for_y                      00401cee f   blit.obj
 0001:00000dbe       loop_y_inc                 00401dbe f   blit.obj
 0001:00000dc1       loop_y_check               00401dc1 f   blit.obj
 0001:00000dd0       loop_x_check               00401dd0 f   blit.obj
 0001:0000005c       leftcheck                  0040105c f   game.obj
 0001:00000069       bottomleftcheck            00401069 f   game.obj
 0001:0000007d       upperleftcheck             0040107d f   game.obj
 0001:00000091       rightcheck                 00401091 f   game.obj
 0001:0000009e       bottomrightcheck           0040109e f   game.obj
 0001:000000b2       upperrightcheck            004010b2 f   game.obj
 0001:000000c6       no_int                     004010c6 f   game.obj
 0001:000000cb       ree                        004010cb f   game.obj
 0001:00000240       A                          00401240 f   game.obj
 0001:00000245       B                          00401245 f   game.obj
 0001:0000099c       ree                        0040199c f   game.obj
 0001:00000748       loopi                      00401748 f   game.obj
 0001:00000791       iter                       00401791 f   game.obj
 0001:0000079c       return                     0040179c f   game.obj
 0001:000003ae       loopi                      004013ae f   game.obj
 0001:000003f7       A                          004013f7 f   game.obj
 0001:000003fc       B                          004013fc f   game.obj
 0001:0000040f       next                       0040140f f   game.obj
 0001:0000041a       ree                        0040141a f   game.obj
 0001:000001c1       set_as_inc                 004011c1 f   game.obj
 0001:000001ce       set_as_dec                 004011ce f   game.obj
 0001:000001d9       iter                       004011d9 f   game.obj
 0001:000001ed       one                        004011ed f   game.obj
 0001:000001f9       two                        004011f9 f   game.obj
 0001:00000205       three                      00401205 f   game.obj
 0001:0000020f       return                     0040120f f   game.obj
 0001:0000086e       loopi                      0040186e f   game.obj
 0001:000008a9       next                       004018a9 f   game.obj
 0001:000008b4       return                     004018b4 f   game.obj
 0001:000004a3       loopi                      004014a3 f   game.obj
 0001:000004b7       iter                       004014b7 f   game.obj
 0001:000004c2       return                     004014c2 f   game.obj
 0001:000007c2       A                          004017c2 f   game.obj
 0001:000007c9       B                          004017c9 f   game.obj
 0001:000007f3       loopi                      004017f3 f   game.obj
 0001:00000808       s2                         00401808 f   game.obj
 0001:00000817       s1                         00401817 f   game.obj
 0001:00000825       draw                       00401825 f   game.obj
 0001:00000844       return                     00401844 f   game.obj
 0001:0000021c       return                     0040121c f   game.obj
 0001:000000e5       set_as_inc                 004010e5 f   game.obj
 0001:000000f1       set_as_dec                 004010f1 f   game.obj
 0001:000000fb       iter                       004010fb f   game.obj
 0001:00000107       one                        00401107 f   game.obj
 0001:00000118       two                        00401118 f   game.obj
 0001:00000129       three                      00401129 f   game.obj
 0001:00000138       return                     00401138 f   game.obj
 0001:000002bf       ree                        004012bf f   game.obj
 0001:00000b16       FillEnemies                00401b16 f   game.obj
 0001:00000960       checker                    00401960 f   game.obj
 0001:00000986       ree                        00401986 f   game.obj
 0001:000004d9       checker                    004014d9 f   game.obj
 0001:00000544       A                          00401544 f   game.obj
 0001:0000054f       ree                        0040154f f   game.obj
 0001:0000014f       set_as_inc                 0040114f f   game.obj
 0001:0000015b       set_as_dec                 0040115b f   game.obj
 0001:00000165       iter                       00401165 f   game.obj
 0001:00000171       one                        00401171 f   game.obj
 0001:00000182       two                        00401182 f   game.obj
 0001:00000193       three                      00401193 f   game.obj
 0001:000001a2       return                     004011a2 f   game.obj
 0001:000002e0       ree                        004012e0 f   game.obj
 0001:0000026c       A                          0040126c f   game.obj
 0001:0000026f       B                          0040126f f   game.obj
 0001:000005d5       plat1                      004015d5 f   game.obj
 0001:0000061b       plat2                      0040161b f   game.obj
 0001:00000661       plat3                      00401661 f   game.obj
 0001:000008f3       D                          004018f3 f   game.obj
 0001:00000939       A                          00401939 f   game.obj
 0001:0000093f       B                          0040193f f   game.obj
 0001:000008db       A                          004018db f   game.obj
 0001:000008e1       B                          004018e1 f   game.obj
 0001:00000431       next1                      00401431 f   game.obj
 0001:00000446       next2                      00401446 f   game.obj
 0001:00000461       up                         00401461 f   game.obj
 0001:00000466       next3                      00401466 f   game.obj
 0001:00000470       ree                        00401470 f   game.obj
 0001:000005b5       ree                        004015b5 f   game.obj
 0001:000009ce       D                          004019ce f   game.obj
 0001:000009de       A                          004019de f   game.obj
 0001:000009e3       B                          004019e3 f   game.obj
 0001:00000b8e       ree                        00401b8e f   game.obj
 0001:0000071f       ree                        0040171f f   game.obj
 0001:00000afb       ree                        00401afb f   game.obj
 0001:00000a28       plat1                      00401a28 f   game.obj
 0001:00000a54       plat2                      00401a54 f   game.obj
 0001:00000a80       plat3                      00401a80 f   game.obj
 0001:00000aa7       ladders                    00401aa7 f   game.obj
